###############################################################################
#
# IAR ELF Linker V8.32.2.178/W32 for ARM                  02/Feb/2019  19:30:50
# Copyright 2007-2018 IAR Systems AB.
#
#    Output file  =  
#        C:\Users\Tin Vo\Documents\EE474-Lab4\TaskA\Debug\Exe\dma.out
#    Map file     =  
#        C:\Users\Tin Vo\Documents\EE474-Lab4\TaskA\Debug\List\dma.map
#    Command line =  
#        -f C:\Users\TINVO~1\AppData\Local\Temp\EWBDDC.tmp ("C:\Users\Tin
#        Vo\Documents\EE474-Lab4\TaskA\debug\Obj\DMASoftware.o" "C:\Users\Tin
#        Vo\Documents\EE474-Lab4\TaskA\debug\Obj\DMAtestmain.o" "C:\Users\Tin
#        Vo\Documents\EE474-Lab4\TaskA\debug\Obj\PLL.o" --no_out_extension -o
#        "C:\Users\Tin Vo\Documents\EE474-Lab4\TaskA\Debug\Exe\dma.out"
#        --redirect _Printf=_PrintfFullNoMb --redirect _Scanf=_ScanfFullNoMb
#        --map "C:\Users\Tin Vo\Documents\EE474-Lab4\TaskA\Debug\List\dma.map"
#        --config "C:\Program Files (x86)\IAR Systems\Embedded Workbench
#        8.2\arm\config\linker\TexasInstruments\TM4C1236H6.icf" --semihosting
#        --entry __iar_program_start --vfe --text_out locale)
#
###############################################################################

*******************************************************************************
*** RUNTIME MODEL ATTRIBUTES
***

CppFlavor       = *
__SystemLibrary = DLib
__dlib_version  = 6


*******************************************************************************
*** HEAP SELECTION
***

The basic heap was selected because some modules are built with
size limitations (and not runtime checking), and --advanced_heap
was not specified.


*******************************************************************************
*** PLACEMENT SUMMARY
***

"A0":  place at 0x0 { ro section .intvec };
"P1":  place in [from 0x0 to 0x3'ffff] { ro };
define block CSTACK with size = 4K, alignment = 8 { };
define block HEAP with size = 8K, alignment = 8 { };
"P2":  place in [from 0x2000'0000 to 0x2000'7fff] {
          rw, block CSTACK, block HEAP };

  Section          Kind         Address    Size  Object
  -------          ----         -------    ----  ------
"A0":                                      0x40
  .intvec          ro code          0x0    0x40  vector_table_M.o [4]
                                 - 0x40    0x40

"P1":                                     0x31c
  .text            ro code         0x40    0xfc  DMAtestmain.o [1]
  .text            ro code        0x13c    0x6c  PLL.o [1]
  .text            ro code        0x1a8    0xa8  DMASoftware.o [1]
  .text            ro code        0x250    0x3a  zero_init3.o [4]
  .text            ro code        0x28a     0x2  vector_table_M.o [4]
  .text            ro code        0x28c    0x28  data_init.o [4]
  .text            ro code        0x2b4    0x22  fpinit_M.o [3]
  .iar.init_table  const          0x2d8    0x10  - Linker created -
  .rodata          const          0x2e8    0x20  DMAtestmain.o [1]
  .text            ro code        0x308    0x1e  cmain.o [4]
  .text            ro code        0x326     0x4  low_level_init.o [2]
  .text            ro code        0x32a     0x4  exit.o [2]
  .text            ro code        0x330     0xa  cexit.o [4]
  .text            ro code        0x33c    0x14  exit.o [5]
  .text            ro code        0x350     0xc  cstartup_M.o [4]
  .rodata          const          0x35c     0x0  zero_init3.o [4]
                                - 0x35c   0x31c

"P2", part 1 of 2:                       0x2400
  .bss             zero     0x2000'0000  0x1000  DMAtestmain.o [1]
  .bss             zero     0x2000'1000  0x1000  DMAtestmain.o [1]
  .bss             zero     0x2000'2000   0x400  DMASoftware.o [1]
                          - 0x2000'2400  0x2400

"P2", part 2 of 2:                       0x1000
  CSTACK                    0x2000'2400  0x1000  <Block>
    CSTACK         uninit   0x2000'2400  0x1000  <Block tail>
                          - 0x2000'3400  0x1000

Unused ranges:

         From           To      Size
         ----           --      ----
        0x35c     0x3'ffff  0x3'fca4
  0x2000'3400  0x2000'7fff    0x4c00


*******************************************************************************
*** INIT TABLE
***

          Address      Size
          -------      ----
Zero (__iar_zero_init3)
    1 destination range, total size 0x2400:
          0x2000'0000  0x2400



*******************************************************************************
*** MODULE SUMMARY
***

    Module            ro code  ro data  rw data
    ------            -------  -------  -------
command line/config:
    -------------------------------------------
    Total:

C:\Users\Tin Vo\Documents\EE474-Lab4\TaskA\debug\Obj: [1]
    DMASoftware.o         168             1 024
    DMAtestmain.o         252       32    8 192
    PLL.o                 108
    -------------------------------------------
    Total:                528       32    9 216

dl7M_tln.a: [2]
    exit.o                  4
    low_level_init.o        4
    -------------------------------------------
    Total:                  8

m7M_tls.a: [3]
    fpinit_M.o             34
    -------------------------------------------
    Total:                 34

rt7M_tl.a: [4]
    cexit.o                10
    cmain.o                30
    cstartup_M.o           12
    data_init.o            40
    vector_table_M.o       66
    zero_init3.o           58
    -------------------------------------------
    Total:                216

shb_l.a: [5]
    exit.o                 20
    -------------------------------------------
    Total:                 20

    Gaps                    4        2
    Linker created                  16    4 096
-----------------------------------------------
    Grand Total:          810       50   13 312


*******************************************************************************
*** ENTRY LIST
***

Entry                       Address    Size  Type      Object
-----                       -------    ----  ----      ------
.iar.init_table$$Base         0x2d8           --   Gb  - Linker created -
.iar.init_table$$Limit        0x2e8           --   Gb  - Linker created -
?main                         0x309          Code  Gb  cmain.o [4]
COLORWHEEL                    0x2e8    0x20  Data  Gb  DMAtestmain.o [1]
CSTACK$$Base            0x2000'2400           --   Gb  - Linker created -
CSTACK$$Limit           0x2000'3400           --   Gb  - Linker created -
DMA_Init                      0x1a9    0x44  Code  Gb  DMASoftware.o [1]
DMA_Status                    0x21b     0xa  Code  Gb  DMASoftware.o [1]
DMA_Transfer                  0x1ed    0x2e  Code  Gb  DMASoftware.o [1]
DestBuf                 0x2000'1000  0x1000  Data  Gb  DMAtestmain.o [1]
PLL_Init                      0x13d    0x6c  Code  Gb  PLL.o [1]
Region$$Table$$Base           0x2d8           --   Gb  - Linker created -
Region$$Table$$Limit          0x2e8           --   Gb  - Linker created -
SrcBuf                  0x2000'0000  0x1000  Data  Gb  DMAtestmain.o [1]
__cmain                       0x309          Code  Gb  cmain.o [4]
__exit                        0x33d    0x14  Code  Gb  exit.o [5]
__iar_data_init3              0x28d    0x28  Code  Gb  data_init.o [4]
__iar_init_vfp                0x2b5          Code  Gb  fpinit_M.o [3]
__iar_program_start           0x351          Code  Gb  cstartup_M.o [4]
__iar_zero_init3              0x251    0x3a  Code  Gb  zero_init3.o [4]
__low_level_init              0x327     0x4  Code  Gb  low_level_init.o [2]
__vector_table                  0x0          Data  Gb  vector_table_M.o [4]
_call_main                    0x315          Code  Gb  cmain.o [4]
_exit                         0x331          Code  Gb  cexit.o [4]
_main                         0x323          Code  Gb  cmain.o [4]
exit                          0x32b     0x4  Code  Gb  exit.o [2]
main                           0x41    0xfc  Code  Gb  DMAtestmain.o [1]
ucControlTable          0x2000'2000   0x400  Data  Gb  DMASoftware.o [1]


[1] = C:\Users\Tin Vo\Documents\EE474-Lab4\TaskA\debug\Obj
[2] = dl7M_tln.a
[3] = m7M_tls.a
[4] = rt7M_tl.a
[5] = shb_l.a

     810 bytes of readonly  code memory
      50 bytes of readonly  data memory
  13 312 bytes of readwrite data memory

Errors: none
Warnings: none
