###############################################################################
#
# IAR ELF Linker V8.32.2.178/W32 for ARM                  03/Feb/2019  02:53:48
# Copyright 2007-2018 IAR Systems AB.
#
#    Output file  =  
#        C:\Users\taojin\Desktop\EE
#        474\Lab\EE474-Lab4\TaskB\lab4_starter\LCD\Debug\Exe\Lab1.out
#    Map file     =  
#        C:\Users\taojin\Desktop\EE
#        474\Lab\EE474-Lab4\TaskB\lab4_starter\LCD\Debug\List\Lab1.map
#    Command line =  
#        -f C:\Users\taojin\AppData\Local\Temp\EWF1EB.tmp
#        ("C:\Users\taojin\Desktop\EE
#        474\Lab\EE474-Lab4\TaskB\lab4_starter\LCD\Debug\Obj\clockColtrol.o"
#        "C:\Users\taojin\Desktop\EE
#        474\Lab\EE474-Lab4\TaskB\lab4_starter\LCD\Debug\Obj\cstartup_M.o"
#        "C:\Users\taojin\Desktop\EE
#        474\Lab\EE474-Lab4\TaskB\lab4_starter\LCD\Debug\Obj\SSD2119.o"
#        --no_out_extension -o "C:\Users\taojin\Desktop\EE
#        474\Lab\EE474-Lab4\TaskB\lab4_starter\LCD\Debug\Exe\Lab1.out"
#        --redirect _Printf=_PrintfFullNoMb --redirect _Scanf=_ScanfFullNoMb
#        --map "C:\Users\taojin\Desktop\EE
#        474\Lab\EE474-Lab4\TaskB\lab4_starter\LCD\Debug\List\Lab1.map"
#        --config "C:\Program Files (x86)\IAR Systems\Embedded Workbench
#        8.2\arm\config\linker\TexasInstruments\TM4C123GH6.icf" --semihosting
#        --entry __iar_program_start --vfe --text_out locale)
#
###############################################################################

*******************************************************************************
*** RUNTIME MODEL ATTRIBUTES
***

CppFlavor       = *
__SystemLibrary = DLib
__dlib_version  = 6


*******************************************************************************
*** HEAP SELECTION
***

The basic heap was selected because some modules are built with
size limitations (and not runtime checking), and --advanced_heap
was not specified.


*******************************************************************************
*** PLACEMENT SUMMARY
***

"A0":  place at 0x0 { ro section .intvec };
"P1":  place in [from 0x0 to 0x3'ffff] { ro };
define block CSTACK with size = 4K, alignment = 8 { };
define block HEAP with size = 8K, alignment = 8 { };
"P2":  place in [from 0x2000'0000 to 0x2000'7fff] {
          rw, block CSTACK, block HEAP };

  Section          Kind         Address    Size  Object
  -------          ----         -------    ----  ------
"A0":                                     0x110
  .intvec          const            0x0   0x110  cstartup_M.o [1]
                                - 0x110   0x110

"P1":                                    0x1578
  .text            ro code        0x110   0x784  SSD2119.o [1]
  .text            ro code        0x894   0x3e0  clockColtrol.o [1]
  .text            ro code        0xc74    0x48  FltToDbl.o [3]
  .text            ro code        0xcbc   0x1a2  DblMul.o [3]
  .text            ro code        0xe5e    0x3a  zero_init3.o [4]
  .text            ro code        0xe98   0x246  DblDiv.o [3]
  .text            ro code       0x10de     0x2  cstartup_M.o [1]
  .text            ro code       0x10e0    0xe2  DblSub.o [3]
  .text            ro code       0x11c2     0x2  cstartup_M.o [1]
  .text            ro code       0x11c4    0x3a  DblToS32.o [3]
  .text            ro code       0x11fe     0x2  cstartup_M.o [1]
  .text            ro code       0x1200    0x22  S32ToDbl.o [3]
  .text            ro code       0x1222     0x2  cstartup_M.o [1]
  .text            ro code       0x1224    0x2e  DblCmpGe.o [3]
  .text            ro code       0x1252     0x2  cstartup_M.o [1]
  .text            ro code       0x1254    0x2e  DblCmpLe.o [3]
  .text            ro code       0x1282     0x2  cstartup_M.o [1]
  .text            ro code       0x1284   0x16a  DblAdd.o [3]
  .text            ro code       0x13ee     0x2  cstartup_M.o [1]
  .rodata          const         0x13f0   0x1e0  SSD2119.o [1]
  .text            ro code       0x15d0    0x28  data_init.o [4]
  .text            ro code       0x15f8    0x22  fpinit_M.o [3]
  .iar.init_table  const         0x161c    0x10  - Linker created -
  .text            ro code       0x162c     0x2  cstartup_M.o [1]
  .text            ro code       0x1630    0x1e  cmain.o [4]
  .text            ro code       0x164e     0x4  low_level_init.o [2]
  .text            ro code       0x1652     0x4  exit.o [2]
  .text            ro code       0x1656     0x2  cstartup_M.o [1]
  .text            ro code       0x1658     0xa  cexit.o [4]
  .text            ro code       0x1664    0x14  exit.o [5]
  .text            ro code       0x1678    0x10  cstartup_M.o [1]
  .rodata          const         0x1688     0x0  zero_init3.o [4]
                               - 0x1688  0x1578

"P2", part 1 of 2:                          0xc
  .bss             zero     0x2000'0000     0x2  SSD2119.o [1]
  .bss             zero     0x2000'0002     0x2  SSD2119.o [1]
  .bss             zero     0x2000'0004     0x2  SSD2119.o [1]
  .bss             zero     0x2000'0006     0x2  SSD2119.o [1]
  .bss             zero     0x2000'0008     0x2  SSD2119.o [1]
                          - 0x2000'000a     0xa

"P2", part 2 of 2:                       0x1000
  CSTACK                    0x2000'0010  0x1000  <Block>
    CSTACK         uninit   0x2000'0010  0x1000  <Block tail>
                          - 0x2000'1010  0x1000

Unused ranges:

         From           To      Size
         ----           --      ----
       0x1688     0x3'ffff  0x3'e978
  0x2000'000c  0x2000'000f       0x4
  0x2000'1010  0x2000'7fff    0x6ff0


*******************************************************************************
*** INIT TABLE
***

          Address      Size
          -------      ----
Zero (__iar_zero_init3)
    1 destination range, total size 0xa:
          0x2000'0000   0xa



*******************************************************************************
*** MODULE SUMMARY
***

    Module            ro code  ro data  rw data
    ------            -------  -------  -------
command line/config:
    -------------------------------------------
    Total:

C:\Users\taojin\Desktop\EE 474\Lab\EE474-Lab4\TaskB\lab4_starter\LCD\Debug\Obj: [1]
    SSD2119.o           1 924      480       10
    clockColtrol.o        992
    cstartup_M.o           34      272
    -------------------------------------------
    Total:              2 950      752       10

dl7M_tln.a: [2]
    exit.o                  4
    low_level_init.o        4
    -------------------------------------------
    Total:                  8

m7M_tls.a: [3]
    DblAdd.o              362
    DblCmpGe.o             46
    DblCmpLe.o             46
    DblDiv.o              582
    DblMul.o              418
    DblSub.o              226
    DblToS32.o             58
    FltToDbl.o             72
    S32ToDbl.o             34
    fpinit_M.o             34
    -------------------------------------------
    Total:              1 878

rt7M_tl.a: [4]
    cexit.o                10
    cmain.o                30
    data_init.o            40
    zero_init3.o           58
    -------------------------------------------
    Total:                138

shb_l.a: [5]
    exit.o                 20
    -------------------------------------------
    Total:                 20

    Gaps                    4        2
    Linker created                  16    4 096
-----------------------------------------------
    Grand Total:        4 998      770    4 106


*******************************************************************************
*** ENTRY LIST
***

Entry                       Address   Size  Type      Object
-----                       -------   ----  ----      ------
.iar.init_table$$Base        0x161c          --   Gb  - Linker created -
.iar.init_table$$Limit       0x162c          --   Gb  - Linker created -
?main                        0x1631         Code  Gb  cmain.o [4]
ADC1_Handler                  0x9e1   0xa4  Code  Gb  clockColtrol.o [1]
ADC1_Init                     0x979   0x68  Code  Gb  clockColtrol.o [1]
ADC_Init                      0x5c7   0x80  Code  Gb  SSD2119.o [1]
ADC_Read                      0x64d   0x26  Code  Gb  SSD2119.o [1]
ADC_SetChannel                0x673   0x30  Code  Gb  SSD2119.o [1]
ASCII                        0x13f0  0x1e0  Data  Lc  SSD2119.o [1]
CSTACK$$Base            0x2000'0010          --   Gb  - Linker created -
CSTACK$$Limit           0x2000'1010          --   Gb  - Linker created -
LCD_DrawPixel                 0x555   0x34  Code  Gb  SSD2119.o [1]
LCD_GPIOInit                  0x111   0x74  Code  Gb  SSD2119.o [1]
LCD_Init                      0x20f  0x1a2  Code  Gb  SSD2119.o [1]
LCD_PrintChar                 0x3d1   0xd4  Code  Gb  SSD2119.o [1]
LCD_PrintInteger              0x4c7   0x6a  Code  Gb  SSD2119.o [1]
LCD_SetCursor                 0x4a5    0xe  Code  Gb  SSD2119.o [1]
LCD_SetTextColor              0x4b3   0x14  Code  Gb  SSD2119.o [1]
LCD_WriteCommand              0x185   0x42  Code  Gb  SSD2119.o [1]
LCD_WriteData                 0x1c7   0x48  Code  Gb  SSD2119.o [1]
PortF_Init                    0x951   0x28  Code  Gb  clockColtrol.o [1]
Region$$Table$$Base          0x161c          --   Gb  - Linker created -
Region$$Table$$Limit         0x162c          --   Gb  - Linker created -
SYS_Init                      0x89d   0x1c  Code  Gb  clockColtrol.o [1]
Timer_Handler_1A              0xb8d   0x44  Code  Gb  clockColtrol.o [1]
Timer_Init_0A                 0x8b9   0x46  Code  Gb  clockColtrol.o [1]
Timer_Init_1A                 0x8ff   0x52  Code  Gb  clockColtrol.o [1]
Touch_Init                    0x589   0x3e  Code  Gb  SSD2119.o [1]
Touch_ReadX                   0x6ad   0xce  Code  Gb  SSD2119.o [1]
Touch_ReadY                   0x781   0xac  Code  Gb  SSD2119.o [1]
Touch_XVal              0x2000'0006    0x2  Data  Gb  SSD2119.o [1]
Touch_YVal              0x2000'0008    0x2  Data  Gb  SSD2119.o [1]
__aeabi_cdcmple              0x1255         Code  Gb  DblCmpLe.o [3]
__aeabi_cdrcmple             0x1225         Code  Gb  DblCmpGe.o [3]
__aeabi_d2iz                 0x11c5         Code  Gb  DblToS32.o [3]
__aeabi_ddiv                  0xe99         Code  Gb  DblDiv.o [3]
__aeabi_dmul                  0xcbd         Code  Gb  DblMul.o [3]
__aeabi_dsub                 0x10e1         Code  Gb  DblSub.o [3]
__aeabi_f2d                   0xc75         Code  Gb  FltToDbl.o [3]
__aeabi_i2d                  0x1201         Code  Gb  S32ToDbl.o [3]
__cmain                      0x1631         Code  Gb  cmain.o [4]
__exit                       0x1665   0x14  Code  Gb  exit.o [5]
__iar_dadd                   0x10f1         Code  Gb  DblSub.o [3]
__iar_data_init3             0x15d1   0x28  Code  Gb  data_init.o [4]
__iar_dsub                   0x1285         Code  Gb  DblAdd.o [3]
__iar_dsubStart              0x1297         Code  Gb  DblAdd.o [3]
__iar_init_vfp               0x15f9         Code  Gb  fpinit_M.o [3]
__iar_program_start          0x1679   0x10  Code  Gb  cstartup_M.o [1]
__iar_zero_init3              0xe5f   0x3a  Code  Gb  zero_init3.o [4]
__low_level_init             0x164f    0x4  Code  Gb  low_level_init.o [2]
__vector_table                  0x0  0x110  Data  Gb  cstartup_M.o [1]
_call_main                   0x163d         Code  Gb  cmain.o [4]
_exit                        0x1659         Code  Gb  cexit.o [4]
_main                        0x164b         Code  Gb  cmain.o [4]
convertColor                  0x3b1   0x20  Code  Gb  SSD2119.o [1]
cursorX                 0x2000'0000    0x2  Data  Gb  SSD2119.o [1]
cursorY                 0x2000'0002    0x2  Data  Gb  SSD2119.o [1]
exit                         0x1653    0x4  Code  Gb  exit.o [2]
main                          0x895    0x8  Code  Gb  clockColtrol.o [1]
tempTable                     0xa97   0xf6  Code  Gb  clockColtrol.o [1]
textColor               0x2000'0004    0x2  Data  Gb  SSD2119.o [1]
timer                         0xa85   0x12  Code  Gb  clockColtrol.o [1]


[1] = C:\Users\taojin\Desktop\EE 474\Lab\EE474-Lab4\TaskB\lab4_starter\LCD\Debug\Obj
[2] = dl7M_tln.a
[3] = m7M_tls.a
[4] = rt7M_tl.a
[5] = shb_l.a

  4 998 bytes of readonly  code memory
    770 bytes of readonly  data memory
  4 106 bytes of readwrite data memory

Errors: none
Warnings: none
