###############################################################################
#
# IAR ELF Linker V8.32.2.178/W32 for ARM                  04/Feb/2019  02:19:23
# Copyright 2007-2018 IAR Systems AB.
#
#    Output file  =  
#        C:\Users\taojin\Desktop\EE
#        474\Lab\EE474-Lab4\TaskB\lab4_starter\LCD\Debug\Exe\Lab1.out
#    Map file     =  
#        C:\Users\taojin\Desktop\EE
#        474\Lab\EE474-Lab4\TaskB\lab4_starter\LCD\Debug\List\Lab1.map
#    Command line =  
#        -f C:\Users\taojin\AppData\Local\Temp\EWD859.tmp
#        ("C:\Users\taojin\Desktop\EE
#        474\Lab\EE474-Lab4\TaskB\lab4_starter\LCD\Debug\Obj\clockColtrol.o"
#        "C:\Users\taojin\Desktop\EE
#        474\Lab\EE474-Lab4\TaskB\lab4_starter\LCD\Debug\Obj\cstartup_M.o"
#        "C:\Users\taojin\Desktop\EE
#        474\Lab\EE474-Lab4\TaskB\lab4_starter\LCD\Debug\Obj\SSD2119.o"
#        --no_out_extension -o "C:\Users\taojin\Desktop\EE
#        474\Lab\EE474-Lab4\TaskB\lab4_starter\LCD\Debug\Exe\Lab1.out"
#        --redirect _Printf=_PrintfFullNoMb --redirect _Scanf=_ScanfFullNoMb
#        --map "C:\Users\taojin\Desktop\EE
#        474\Lab\EE474-Lab4\TaskB\lab4_starter\LCD\Debug\List\Lab1.map"
#        --config "C:\Program Files (x86)\IAR Systems\Embedded Workbench
#        8.2\arm\config\linker\TexasInstruments\TM4C123GH6.icf" --semihosting
#        --entry __iar_program_start --vfe --text_out locale)
#
###############################################################################

*******************************************************************************
*** RUNTIME MODEL ATTRIBUTES
***

CppFlavor       = *
__SystemLibrary = DLib
__dlib_version  = 6


*******************************************************************************
*** HEAP SELECTION
***

The basic heap was selected because some modules are built with
size limitations (and not runtime checking), and --advanced_heap
was not specified.


*******************************************************************************
*** PLACEMENT SUMMARY
***

"A0":  place at 0x0 { ro section .intvec };
"P1":  place in [from 0x0 to 0x3'ffff] { ro };
define block CSTACK with size = 4K, alignment = 8 { };
define block HEAP with size = 8K, alignment = 8 { };
"P2":  place in [from 0x2000'0000 to 0x2000'7fff] {
          rw, block CSTACK, block HEAP };

  Section          Kind         Address    Size  Object
  -------          ----         -------    ----  ------
"A0":                                     0x110
  .intvec          const            0x0   0x110  cstartup_M.o [1]
                                - 0x110   0x110

"P1":                                    0x2048
  .text            ro code        0x110   0xb7c  SSD2119.o [1]
  .text            ro code        0xc8c    0x48  FltToDbl.o [3]
  .text            ro code        0xcd4   0x928  clockColtrol.o [1]
  .text            ro code       0x15fc   0x1a2  DblMul.o [3]
  .text            ro code       0x179e    0x3a  zero_init3.o [4]
  .text            ro code       0x17d8   0x246  DblDiv.o [3]
  .text            ro code       0x1a1e     0x2  cstartup_M.o [1]
  .text            ro code       0x1a20    0xe2  DblSub.o [3]
  .text            ro code       0x1b02     0x2  cstartup_M.o [1]
  .text            ro code       0x1b04    0x3a  DblToS32.o [3]
  .text            ro code       0x1b3e     0x2  cstartup_M.o [1]
  .text            ro code       0x1b40    0x22  S32ToDbl.o [3]
  .text            ro code       0x1b62     0x2  cstartup_M.o [1]
  .text            ro code       0x1b64    0x2e  DblCmpGe.o [3]
  .text            ro code       0x1b92     0x2  cstartup_M.o [1]
  .text            ro code       0x1b94    0x2e  DblCmpLe.o [3]
  .text            ro code       0x1bc2     0x2  cstartup_M.o [1]
  .text            ro code       0x1bc4   0x102  sqrt.o [3]
  .text            ro code       0x1cc6     0x2  cstartup_M.o [1]
  .text            ro code       0x1cc8    0x1a  U32ToDbl.o [3]
  .text            ro code       0x1ce2     0x2  cstartup_M.o [1]
  .text            ro code       0x1ce4   0x17a  DblAdd.o [3]
  .text            ro code       0x1e5e     0x2  cstartup_M.o [1]
  .rodata          const         0x1e60   0x1e0  SSD2119.o [1]
  .text            ro code       0x2040    0x28  data_init.o [4]
  .text            ro code       0x2068    0x22  fpinit_M.o [3]
  .iar.init_table  const         0x208c    0x10  - Linker created -
  .rodata          const         0x209c    0x20  clockColtrol.o [1]
  .text            ro code       0x20bc    0x1e  cmain.o [4]
  .text            ro code       0x20da     0x4  low_level_init.o [2]
  .text            ro code       0x20de     0x4  exit.o [2]
  .text            ro code       0x20e4     0xa  cexit.o [4]
  .text            ro code       0x20f0    0x14  exit.o [5]
  .rodata          const         0x2104    0x10  SSD2119.o [1]
  .rodata          const         0x2114    0x10  SSD2119.o [1]
  .rodata          const         0x2124    0x10  SSD2119.o [1]
  .text            ro code       0x2134    0x10  cstartup_M.o [1]
  .rodata          const         0x2144     0x8  SSD2119.o [1]
  .rodata          const         0x214c     0x4  SSD2119.o [1]
  .rodata          const         0x2150     0x4  SSD2119.o [1]
  .rodata          const         0x2154     0x4  SSD2119.o [1]
  .rodata          const         0x2158     0x0  zero_init3.o [4]
                               - 0x2158  0x2048

"P2", part 1 of 2:                          0xc
  .bss             zero     0x2000'0000     0x2  SSD2119.o [1]
  .bss             zero     0x2000'0002     0x2  SSD2119.o [1]
  .bss             zero     0x2000'0004     0x2  SSD2119.o [1]
  .bss             zero     0x2000'0006     0x2  SSD2119.o [1]
  .bss             zero     0x2000'0008     0x2  SSD2119.o [1]
                          - 0x2000'000a     0xa

"P2", part 2 of 2:                       0x1000
  CSTACK                    0x2000'0010  0x1000  <Block>
    CSTACK         uninit   0x2000'0010  0x1000  <Block tail>
                          - 0x2000'1010  0x1000

Unused ranges:

         From           To      Size
         ----           --      ----
       0x2158     0x3'ffff  0x3'dea8
  0x2000'000c  0x2000'000f       0x4
  0x2000'1010  0x2000'7fff    0x6ff0


*******************************************************************************
*** INIT TABLE
***

          Address      Size
          -------      ----
Zero (__iar_zero_init3)
    1 destination range, total size 0xa:
          0x2000'0000   0xa



*******************************************************************************
*** MODULE SUMMARY
***

    Module            ro code  ro data  rw data
    ------            -------  -------  -------
command line/config:
    -------------------------------------------
    Total:

C:\Users\taojin\Desktop\EE 474\Lab\EE474-Lab4\TaskB\lab4_starter\LCD\Debug\Obj: [1]
    SSD2119.o           2 940      548       10
    clockColtrol.o      2 344       32
    cstartup_M.o           34      272
    -------------------------------------------
    Total:              5 318      852       10

dl7M_tln.a: [2]
    exit.o                  4
    low_level_init.o        4
    -------------------------------------------
    Total:                  8

m7M_tls.a: [3]
    DblAdd.o              378
    DblCmpGe.o             46
    DblCmpLe.o             46
    DblDiv.o              582
    DblMul.o              418
    DblSub.o              226
    DblToS32.o             58
    FltToDbl.o             72
    S32ToDbl.o             34
    U32ToDbl.o             26
    fpinit_M.o             34
    sqrt.o                258
    -------------------------------------------
    Total:              2 178

rt7M_tl.a: [4]
    cexit.o                10
    cmain.o                30
    data_init.o            40
    zero_init3.o           58
    -------------------------------------------
    Total:                138

shb_l.a: [5]
    exit.o                 20
    -------------------------------------------
    Total:                 20

    Gaps                    4        2
    Linker created                  16    4 096
-----------------------------------------------
    Grand Total:        7 666      870    4 106


*******************************************************************************
*** ENTRY LIST
***

Entry                       Address   Size  Type      Object
-----                       -------   ----  ----      ------
.iar.init_table$$Base        0x208c          --   Gb  - Linker created -
.iar.init_table$$Limit       0x209c          --   Gb  - Linker created -
?main                        0x20bd         Code  Gb  cmain.o [4]
ADC1_Handler                  0xe57   0xc6  Code  Gb  clockColtrol.o [1]
ADC1_Init                     0xddf   0x78  Code  Gb  clockColtrol.o [1]
ADC_Init                      0x9a1   0x80  Code  Gb  SSD2119.o [1]
ADC_Read                      0xa29   0x26  Code  Gb  SSD2119.o [1]
ADC_SetChannel                0xa4f   0x30  Code  Gb  SSD2119.o [1]
ASCII                        0x1e60  0x1e0  Data  Lc  SSD2119.o [1]
CSTACK$$Base            0x2000'0010          --   Gb  - Linker created -
CSTACK$$Limit           0x2000'1010          --   Gb  - Linker created -
LCD_DrawCube                 0x1081  0x4cc  Code  Gb  clockColtrol.o [1]
LCD_DrawLine                  0x7fd   0xdc  Code  Gb  SSD2119.o [1]
LCD_DrawPixel                 0x7c9   0x34  Code  Gb  SSD2119.o [1]
LCD_DrawRect                  0x8d9   0x8a  Code  Gb  SSD2119.o [1]
LCD_GPIOInit                  0x111   0x74  Code  Gb  SSD2119.o [1]
LCD_Init                      0x20f  0x1a2  Code  Gb  SSD2119.o [1]
LCD_PrintBinary               0x6b9   0x9e  Code  Gb  SSD2119.o [1]
LCD_PrintChar                 0x3db   0xd4  Code  Gb  SSD2119.o [1]
LCD_PrintFloat                0x757   0x4e  Code  Gb  SSD2119.o [1]
LCD_PrintHex                  0x63d   0x7c  Code  Gb  SSD2119.o [1]
LCD_PrintInteger              0x5d3   0x6a  Code  Gb  SSD2119.o [1]
LCD_PrintString               0x4af   0x20  Code  Gb  SSD2119.o [1]
LCD_SetCursor                 0x4cf    0xe  Code  Gb  SSD2119.o [1]
LCD_SetTextColor              0x4dd   0x14  Code  Gb  SSD2119.o [1]
LCD_WriteCommand              0x185   0x42  Code  Gb  SSD2119.o [1]
LCD_WriteData                 0x1c7   0x48  Code  Gb  SSD2119.o [1]
PortF_Init                    0xdb1   0x2e  Code  Gb  clockColtrol.o [1]
Region$$Table$$Base          0x208c          --   Gb  - Linker created -
Region$$Table$$Limit         0x209c          --   Gb  - Linker created -
SYS_Init                      0xcdd   0x1c  Code  Gb  clockColtrol.o [1]
Timer_Handler_1A             0x1041   0x40  Code  Gb  clockColtrol.o [1]
Timer_Init_0A                 0xcf9   0x54  Code  Gb  clockColtrol.o [1]
Timer_Init_1A                 0xd4d   0x64  Code  Gb  clockColtrol.o [1]
Touch_Init                    0x963   0x3e  Code  Gb  SSD2119.o [1]
Touch_ReadX                   0xa89   0xce  Code  Gb  SSD2119.o [1]
Touch_ReadY                   0xb5d   0xac  Code  Gb  SSD2119.o [1]
Touch_XVal              0x2000'0006    0x2  Data  Gb  SSD2119.o [1]
Touch_YVal              0x2000'0008    0x2  Data  Gb  SSD2119.o [1]
__aeabi_cdcmple              0x1b95         Code  Gb  DblCmpLe.o [3]
__aeabi_cdrcmple             0x1b65         Code  Gb  DblCmpGe.o [3]
__aeabi_d2iz                 0x1b05         Code  Gb  DblToS32.o [3]
__aeabi_dadd                 0x1ce5         Code  Gb  DblAdd.o [3]
__aeabi_ddiv                 0x17d9         Code  Gb  DblDiv.o [3]
__aeabi_dmul                 0x15fd         Code  Gb  DblMul.o [3]
__aeabi_dsub                 0x1a21         Code  Gb  DblSub.o [3]
__aeabi_f2d                   0xc8d         Code  Gb  FltToDbl.o [3]
__aeabi_i2d                  0x1b41         Code  Gb  S32ToDbl.o [3]
__aeabi_ui2d                 0x1cc9         Code  Gb  U32ToDbl.o [3]
__cmain                      0x20bd         Code  Gb  cmain.o [4]
__exit                       0x20f1   0x14  Code  Gb  exit.o [5]
__iar_dadd                   0x1a31         Code  Gb  DblSub.o [3]
__iar_data_init3             0x2041   0x28  Code  Gb  data_init.o [4]
__iar_dsub                   0x1cf5         Code  Gb  DblAdd.o [3]
__iar_dsubStart              0x1d07         Code  Gb  DblAdd.o [3]
__iar_init_vfp               0x2069         Code  Gb  fpinit_M.o [3]
__iar_program_start          0x2135   0x10  Code  Gb  cstartup_M.o [1]
__iar_sqrt64                 0x1bd5         Code  Gb  sqrt.o [3]
__iar_vfp___iar_sqrt64       0x1bc5         Code  Gb  sqrt.o [3]
__iar_vfp_sqrt               0x1bc5         Code  Gb  sqrt.o [3]
__iar_vfp_sqrtl              0x1bc5         Code  Gb  sqrt.o [3]
__iar_zero_init3             0x179f   0x3a  Code  Gb  zero_init3.o [4]
__low_level_init             0x20db    0x4  Code  Gb  low_level_init.o [2]
__vector_table                  0x0  0x110  Data  Gb  cstartup_M.o [1]
_call_main                   0x20c9         Code  Gb  cmain.o [4]
_exit                        0x20e5         Code  Gb  cexit.o [4]
_main                        0x20d7         Code  Gb  cmain.o [4]
abs                           0x3d1    0xa  Code  Gb  SSD2119.o [1]
convertColor                  0x3b1   0x20  Code  Gb  SSD2119.o [1]
cursorX                 0x2000'0000    0x2  Data  Gb  SSD2119.o [1]
cursorY                 0x2000'0002    0x2  Data  Gb  SSD2119.o [1]
exit                         0x20df    0x4  Code  Gb  exit.o [2]
main                          0xcd5    0x8  Code  Gb  clockColtrol.o [1]
printf                        0x4f1   0xe2  Code  Gb  SSD2119.o [1]
sqrt                         0x1bd5         Code  Gb  sqrt.o [3]
sqrtl                        0x1bd5         Code  Gb  sqrt.o [3]
tempTable                     0xf31  0x110  Code  Gb  clockColtrol.o [1]
textColor               0x2000'0004    0x2  Data  Gb  SSD2119.o [1]
timer                         0xf1d   0x14  Code  Gb  clockColtrol.o [1]


[1] = C:\Users\taojin\Desktop\EE 474\Lab\EE474-Lab4\TaskB\lab4_starter\LCD\Debug\Obj
[2] = dl7M_tln.a
[3] = m7M_tls.a
[4] = rt7M_tl.a
[5] = shb_l.a

  7 666 bytes of readonly  code memory
    870 bytes of readonly  data memory
  4 106 bytes of readwrite data memory

Errors: none
Warnings: none
