###############################################################################
#
# IAR ELF Linker V8.22.2.15995/W32 for ARM                12/Jul/2018  13:48:47
# Copyright 2007-2018 IAR Systems AB.
#
#    Output file  =  C:\Users\sl\Dropbox\EE\474\project\DMA\Debug\Exe\dma.out
#    Map file     =  C:\Users\sl\Dropbox\EE\474\project\DMA\Debug\List\dma.map
#    Command line =  
#        -f C:\Users\sl\AppData\Local\Temp\EWD8A.tmp
#        (C:\Users\sl\Dropbox\EE\474\project\DMA\Debug\Obj\DMASoftware.o
#        C:\Users\sl\Dropbox\EE\474\project\DMA\Debug\Obj\DMAtestmain.o
#        C:\Users\sl\Dropbox\EE\474\project\DMA\Debug\Obj\PLL.o -o
#        C:\Users\sl\Dropbox\EE\474\project\DMA\Debug\Exe\dma.out --redirect
#        _Printf=_PrintfFullNoMb --redirect _Scanf=_ScanfFullNoMb --map
#        C:\Users\sl\Dropbox\EE\474\project\DMA\Debug\List\dma.map --config
#        "C:\Program Files (x86)\IAR Systems\Embedded Workbench
#        8.0\arm\config\linker\TexasInstruments\TM4C1236H6.icf" --semihosting
#        --entry __iar_program_start --vfe --text_out locale)
#
###############################################################################

*******************************************************************************
*** RUNTIME MODEL ATTRIBUTES
***

CppFlavor       = *
__SystemLibrary = DLib
__dlib_version  = 6


*******************************************************************************
*** HEAP SELECTION
***

The basic heap was selected because some modules are built with
size limitations (and not runtime checking), and --advanced_heap
was not specified.


*******************************************************************************
*** PLACEMENT SUMMARY
***

"A0":  place at 0x00000000 { ro section .intvec };
"P1":  place in [from 0x00000000 to 0x0003ffff] { ro };
define block CSTACK with size = 4K, alignment = 8 { };
define block HEAP with size = 8K, alignment = 8 { };
"P2":  place in [from 0x20000000 to 0x20007fff] {
          rw, block CSTACK, block HEAP };

  Section          Kind        Address    Size  Object
  -------          ----        -------    ----  ------
"A0":                                     0x40
  .intvec          ro code  0x00000000    0x40  vector_table_M.o [5]
                          - 0x00000040    0x40

"P1":                                    0x338
  .text            ro code  0x00000040    0xd4  DMAtestmain.o [1]
  .text            ro code  0x00000114    0x90  PLL.o [1]
  .text            ro code  0x000001a4    0xc0  DMASoftware.o [1]
  .text            ro code  0x00000264    0x40  zero_init3.o [5]
  .text            ro code  0x000002a4    0x28  data_init.o [5]
  .text            ro code  0x000002cc    0x22  fpinit_M.o [4]
  .iar.init_table  const    0x000002f0    0x10  - Linker created -
  .text            ro code  0x00000300     0x2  vector_table_M.o [5]
  .rodata          const    0x00000304    0x20  DMAtestmain.o [1]
  .text            ro code  0x00000324    0x1e  cmain.o [5]
  .text            ro code  0x00000342     0x4  low_level_init.o [3]
  .text            ro code  0x00000346     0x4  exit.o [3]
  .text            ro code  0x0000034c     0xa  cexit.o [5]
  .text            ro code  0x00000358    0x14  exit.o [6]
  .text            ro code  0x0000036c     0xc  cstartup_M.o [5]
  .rodata          const    0x00000378     0x0  zero_init3.o [5]
                          - 0x00000378   0x338

"P2", part 1 of 2:                       0x800
  .bss             zero     0x20000000   0x400  DMASoftware.o [1]
  .bss             zero     0x20000400   0x200  DMAtestmain.o [1]
  .bss             zero     0x20000600   0x200  DMAtestmain.o [1]
                          - 0x20000800   0x800

"P2", part 2 of 2:                      0x1000
  CSTACK                    0x20000800  0x1000  <Block>
    CSTACK         uninit   0x20000800  0x1000  <Block tail>
                          - 0x20001800  0x1000


*******************************************************************************
*** INIT TABLE
***

          Address     Size
          -------     ----
Zero (__iar_zero_init3)
    1 destination range, total size 0x800:
          0x20000000  0x800



*******************************************************************************
*** MODULE SUMMARY
***

    Module            ro code  ro data  rw data
    ------            -------  -------  -------
C:\Users\sl\Dropbox\EE\474\project\DMA\Debug\Obj: [1]
    DMASoftware.o         192             1 024
    DMAtestmain.o         212       32    1 024
    PLL.o                 144
    -------------------------------------------
    Total:                548       32    2 048

command line: [2]
    -------------------------------------------
    Total:

dl7M_tln.a: [3]
    exit.o                  4
    low_level_init.o        4
    -------------------------------------------
    Total:                  8

m7M_tls.a: [4]
    fpinit_M.o             34
    -------------------------------------------
    Total:                 34

rt7M_tl.a: [5]
    cexit.o                10
    cmain.o                30
    cstartup_M.o           12
    data_init.o            40
    vector_table_M.o       66
    zero_init3.o           64
    -------------------------------------------
    Total:                222

shb_l.a: [6]
    exit.o                 20
    -------------------------------------------
    Total:                 20

    Gaps                    4        4
    Linker created                  16    4 096
-----------------------------------------------
    Grand Total:          836       52    6 144


*******************************************************************************
*** ENTRY LIST
***

Entry                      Address   Size  Type      Object
-----                      -------   ----  ----      ------
.iar.init_table$$Base   0x000002f0          --   Gb  - Linker created -
.iar.init_table$$Limit  0x00000300          --   Gb  - Linker created -
?main                   0x00000325         Code  Gb  cmain.o [5]
COLORWHEEL              0x00000304   0x20  Data  Gb  DMAtestmain.o [1]
CSTACK$$Base            0x20000800          --   Gb  - Linker created -
CSTACK$$Limit           0x20001800          --   Gb  - Linker created -
DMA_Init                0x000001a5   0x52  Code  Gb  DMASoftware.o [1]
DMA_Status              0x0000022d    0xa  Code  Gb  DMASoftware.o [1]
DMA_Transfer            0x000001f7   0x36  Code  Gb  DMASoftware.o [1]
DestBuf                 0x20000600  0x200  Data  Gb  DMAtestmain.o [1]
PLL_Init                0x00000115   0x90  Code  Gb  PLL.o [1]
Region$$Table$$Base     0x000002f0          --   Gb  - Linker created -
Region$$Table$$Limit    0x00000300          --   Gb  - Linker created -
SrcBuf                  0x20000400  0x200  Data  Gb  DMAtestmain.o [1]
__cmain                 0x00000325         Code  Gb  cmain.o [5]
__exit                  0x00000359   0x14  Code  Gb  exit.o [6]
__iar_data_init3        0x000002a5   0x28  Code  Gb  data_init.o [5]
__iar_init_vfp          0x000002cd         Code  Gb  fpinit_M.o [4]
__iar_program_start     0x0000036d         Code  Gb  cstartup_M.o [5]
__iar_systems$$module {Abs}
                        0x00000001         Data  Gb  command line/config [2]
__iar_zero_init3        0x00000265   0x40  Code  Gb  zero_init3.o [5]
__low_level_init        0x00000343    0x4  Code  Gb  low_level_init.o [3]
__vector_table          0x00000000         Data  Gb  vector_table_M.o [5]
_call_main              0x00000331         Code  Gb  cmain.o [5]
_exit                   0x0000034d         Code  Gb  cexit.o [5]
_main                   0x0000033f         Code  Gb  cmain.o [5]
exit                    0x00000347    0x4  Code  Gb  exit.o [3]
main                    0x00000041   0xd4  Code  Gb  DMAtestmain.o [1]
ucControlTable          0x20000000  0x400  Data  Gb  DMASoftware.o [1]


[1] = C:\Users\sl\Dropbox\EE\474\project\DMA\Debug\Obj
[2] = command line
[3] = dl7M_tln.a
[4] = m7M_tls.a
[5] = rt7M_tl.a
[6] = shb_l.a

    836 bytes of readonly  code memory
     52 bytes of readonly  data memory
  6 144 bytes of readwrite data memory

Errors: none
Warnings: none
